non_const_ref_param.cpp:3 (8-11): Mutable references are forbidden
 3 | int foo(int& a) {
   |         ^^^
note: Try adding `const` here
 3 | int foo(int& a) {
   |        ^
